﻿  Determinando los proyectos que se van a restaurar...
  Todos los proyectos est├ín actualizados para la restauraci├│n.
  HotelSystem.Domain -> C:\Webs\CSharp\sistemahoteleria\src\HotelSystem.Domain\bin\Debug\net10.0\HotelSystem.Domain.dll
  HotelSystem.Application -> C:\Webs\CSharp\sistemahoteleria\src\HotelSystem.Application\bin\Debug\net10.0\HotelSystem.Application.dll
  HotelSystem.Infrastructure -> C:\Webs\CSharp\sistemahoteleria\src\HotelSystem.Infrastructure\bin\Debug\net10.0\HotelSystem.Infrastructure.dll
C:\Webs\CSharp\sistemahoteleria\src\HotelSystem.API\Controllers\NotificationsController.cs(83,43): error CS1061: "IClientProxy" no contiene una definici├│n para "SendAsync" ni un m├®todo de extensi├│n accesible "SendAsync" que acepte un primer argumento del tipo "IClientProxy" (┬┐falta alguna directiva using o una referencia de ensamblado?) [C:\Webs\CSharp\sistemahoteleria\src\HotelSystem.API\HotelSystem.API.csproj]
C:\Webs\CSharp\sistemahoteleria\src\HotelSystem.API\Controllers\NotificationsController.cs(91,23): warning CS8618: El elemento propiedad "Title" que no acepta valores NULL debe contener un valor distinto de NULL al salir del constructor. Considere la posibilidad de agregar el modificador "required'"o declarar el propiedad como un valor que acepta valores NULL. [C:\Webs\CSharp\sistemahoteleria\src\HotelSystem.API\HotelSystem.API.csproj]
C:\Webs\CSharp\sistemahoteleria\src\HotelSystem.API\Controllers\NotificationsController.cs(92,23): warning CS8618: El elemento propiedad "Message" que no acepta valores NULL debe contener un valor distinto de NULL al salir del constructor. Considere la posibilidad de agregar el modificador "required'"o declarar el propiedad como un valor que acepta valores NULL. [C:\Webs\CSharp\sistemahoteleria\src\HotelSystem.API\HotelSystem.API.csproj]
C:\Webs\CSharp\sistemahoteleria\src\HotelSystem.API\Controllers\NotificationsController.cs(93,23): warning CS8618: El elemento propiedad "Type" que no acepta valores NULL debe contener un valor distinto de NULL al salir del constructor. Considere la posibilidad de agregar el modificador "required'"o declarar el propiedad como un valor que acepta valores NULL. [C:\Webs\CSharp\sistemahoteleria\src\HotelSystem.API\HotelSystem.API.csproj]

ERROR al compilar.

C:\Webs\CSharp\sistemahoteleria\src\HotelSystem.API\Controllers\NotificationsController.cs(91,23): warning CS8618: El elemento propiedad "Title" que no acepta valores NULL debe contener un valor distinto de NULL al salir del constructor. Considere la posibilidad de agregar el modificador "required'"o declarar el propiedad como un valor que acepta valores NULL. [C:\Webs\CSharp\sistemahoteleria\src\HotelSystem.API\HotelSystem.API.csproj]
C:\Webs\CSharp\sistemahoteleria\src\HotelSystem.API\Controllers\NotificationsController.cs(92,23): warning CS8618: El elemento propiedad "Message" que no acepta valores NULL debe contener un valor distinto de NULL al salir del constructor. Considere la posibilidad de agregar el modificador "required'"o declarar el propiedad como un valor que acepta valores NULL. [C:\Webs\CSharp\sistemahoteleria\src\HotelSystem.API\HotelSystem.API.csproj]
C:\Webs\CSharp\sistemahoteleria\src\HotelSystem.API\Controllers\NotificationsController.cs(93,23): warning CS8618: El elemento propiedad "Type" que no acepta valores NULL debe contener un valor distinto de NULL al salir del constructor. Considere la posibilidad de agregar el modificador "required'"o declarar el propiedad como un valor que acepta valores NULL. [C:\Webs\CSharp\sistemahoteleria\src\HotelSystem.API\HotelSystem.API.csproj]
C:\Webs\CSharp\sistemahoteleria\src\HotelSystem.API\Controllers\NotificationsController.cs(83,43): error CS1061: "IClientProxy" no contiene una definici├│n para "SendAsync" ni un m├®todo de extensi├│n accesible "SendAsync" que acepte un primer argumento del tipo "IClientProxy" (┬┐falta alguna directiva using o una referencia de ensamblado?) [C:\Webs\CSharp\sistemahoteleria\src\HotelSystem.API\HotelSystem.API.csproj]
    3 Advertencia(s)
    1 Errores

Tiempo transcurrido 00:00:08.94
